../Core/Src/WB2812.c:21:6:HAL_TIM_PWM_PulseFinishedCallback	16	static
../Core/Src/WB2812.c:33:6:WB2812DutyInit	24	static
../Core/Src/WB2812.c:40:6:WB2812ImageInit	24	static
../Core/Src/WB2812.c:47:6:WB2812_SetSize	16	static
../Core/Src/WB2812.c:51:48:WB2812_GetIndexDuty	16	static
../Core/Src/WB2812.c:55:23:WB2812_GetPixelByte	24	static
../Core/Src/WB2812.c:59:23:WB2812_GetLutGamma	24	static
../Core/Src/WB2812.c:62:6:WB2812_ConvertDutyFormImage	48	static
../Core/Src/WB2812.c:75:13:WB2812_CalculatorLutGamma	48	static
../Core/Src/WB2812.c:84:14:WB2812_GetGammaValid	16	static
../Core/Src/WB2812.c:93:14:WB2812_GetColorBalanceValid	16	static
../Core/Src/WB2812.c:101:6:WB2812_SetLutGamma	24	static
../Core/Src/WB2812.c:111:6:WB2812_SetTimAndChannel	16	static
../Core/Src/WB2812.c:116:6:WB2812_SetDutyCode	16	static
../Core/Src/WB2812.c:121:6:WB2812_Show	24	static
../Core/Src/WB2812.c:125:6:WB2812_Stop	8	static
